// Jest Snapshot v1, https://goo.gl/fbAQLP

exports[`should render portal 1`] = `<DocumentFragment />`;
